"<nav class=\"navbar navbar-default\" role=\"navigation\">\n    <ul class=\"sidebar-menu\">\n                                    <li class=\"group-name\">\n                    GroupOne\n                <\/li>\n                                        <li class=\"clearfix  \">\n                    <a href=\"\">\n                        <i class=\"fas fa-angle-double-right\"><\/i>\n                        <span>Group One, Item One<\/span>\n                                            <\/a>\n                                    <\/li>\n                                                <li class=\"group-name\">\n                    GroupTwo\n                <\/li>\n                                        <li class=\"clearfix  \">\n                    <a href=\"\">\n                        <i class=\"fas fa-angle-double-right\"><\/i>\n                        <span>Group Two, Item One<\/span>\n                                            <\/a>\n                                    <\/li>\n                                                <li class=\"group-name\">\n                    GroupThree\n                <\/li>\n                                        <li class=\"clearfix treeview \">\n                    <a href=\"\">\n                        <i class=\"fas fa-angle-double-right\"><\/i>\n                        <span>Group Three, Item One<\/span>\n                                                    <i class=\"pull-right fas fa-angle-down\"><\/i>\n                                            <\/a>\n                                            <ul class=\"treeview-menu\">\n                                                            <li class=\"clearfix \">\n                                    <a href=\"\">\n                                        <i class=\"fas fa-angle-double-right\"><\/i>\n                                        <span>Sub Item<\/span>\n                                    <\/a>\n                                <\/li>\n                                                    <\/ul>\n                                    <\/li>\n                        <\/ul>\n<\/nav>\n"
