<!DOCTYPE html PUBLIC "-//W3C//DTD HTML 4.0 Transitional//EN" "http://www.w3.org/TR/REC-html40/loose.dtd">
<html><body>
<nav class="navbar navbar-default" role="navigation">
    <ul class="sidebar-menu">
                                    <li class="group-name">
                    GroupOne
                </li>
                                        <li class="clearfix  ">
                    <a href="">
                        <i class="fas fa-angle-double-right"></i>
                        <span>Group One, Item One</span>
                                            </a>
                                    </li>
                                                <li class="group-name">
                    GroupTwo
                </li>
                                        <li class="clearfix  ">
                    <a href="">
                        <i class="fas fa-angle-double-right"></i>
                        <span>Group Two, Item One</span>
                                            </a>
                                    </li>
                                                <li class="group-name">
                    GroupThree
                </li>
                                        <li class="clearfix treeview ">
                    <a href="">
                        <i class="fas fa-angle-double-right"></i>
                        <span>Group Three, Item One</span>
                                                    <i class="pull-right fas fa-angle-down"></i>
                                            </a>
                                            <ul class="treeview-menu">
                                                            <li class="clearfix ">
                                    <a href="">
                                        <i class="fas fa-angle-double-right"></i>
                                        <span>Sub Item</span>
                                    </a>
                                </li>
                                                    </ul>
                                    </li>
                        </ul>
</nav>
</body></html>
